Archive member included because of file (symbol)

c:/winavr-20100110/bin/../lib/gcc/avr/4.3.3/avr25\libgcc.a(_mulsi3.o)
                              BatteryMonitor.o (__mulsi3)
c:/winavr-20100110/bin/../lib/gcc/avr/4.3.3/avr25\libgcc.a(_udivmodqi4.o)
                              StatusIndicators.o (__udivmodqi4)
c:/winavr-20100110/bin/../lib/gcc/avr/4.3.3/avr25\libgcc.a(_udivmodhi4.o)
                              StringUtils.o (__udivmodhi4)
c:/winavr-20100110/bin/../lib/gcc/avr/4.3.3/avr25\libgcc.a(_udivmodsi4.o)
                              DataHistory.o (__udivmodsi4)
c:/winavr-20100110/bin/../lib/gcc/avr/4.3.3/avr25\libgcc.a(_divmodsi4.o)
                              BatteryMonitor.o (__divmodsi4)
c:/winavr-20100110/bin/../lib/gcc/avr/4.3.3/avr25\libgcc.a(_exit.o)
                              c:/winavr-20100110/bin/../lib/gcc/avr/4.3.3/../../../../avr/lib/avr25/crttn84.o (exit)
c:/winavr-20100110/bin/../lib/gcc/avr/4.3.3/avr25\libgcc.a(_copy_data.o)
                              CommandProcessor.o (__do_copy_data)
c:/winavr-20100110/bin/../lib/gcc/avr/4.3.3/avr25\libgcc.a(_clear_bss.o)
                              SystemTime.o (__do_clear_bss)
c:/winavr-20100110/bin/../lib/gcc/avr/4.3.3/../../../../avr/lib/avr25\libc.a(atoi.o)
                              CommandProcessor.o (atoi)
c:/winavr-20100110/bin/../lib/gcc/avr/4.3.3/../../../../avr/lib/avr25\libc.a(strcasecmp_P.o)
                              CommandProcessor.o (strcasecmp_P)
c:/winavr-20100110/bin/../lib/gcc/avr/4.3.3/../../../../avr/lib/avr25\libc.a(strlen_P.o)
                              SoftwareSerialTx.o (strlen_P)
c:/winavr-20100110/bin/../lib/gcc/avr/4.3.3/../../../../avr/lib/avr25\libc.a(strncpy_P.o)
                              CharString.o (strncpy_P)
c:/winavr-20100110/bin/../lib/gcc/avr/4.3.3/../../../../avr/lib/avr25\libc.a(strtok.o)
                              CommandProcessor.o (strtok)
c:/winavr-20100110/bin/../lib/gcc/avr/4.3.3/../../../../avr/lib/avr25\libc.a(strncpy.o)
                              CommandProcessor.o (strncpy)
c:/winavr-20100110/bin/../lib/gcc/avr/4.3.3/../../../../avr/lib/avr25\libc.a(strtok_r.o)
                              c:/winavr-20100110/bin/../lib/gcc/avr/4.3.3/../../../../avr/lib/avr25\libc.a(strtok.o) (strtok_r)
c:/winavr-20100110/bin/../lib/gcc/avr/4.3.3/../../../../avr/lib/avr25\libc.a(itoa.o)
                              StringUtils.o (itoa)
c:/winavr-20100110/bin/../lib/gcc/avr/4.3.3/../../../../avr/lib/avr25\libc.a(mul10.o)
                              c:/winavr-20100110/bin/../lib/gcc/avr/4.3.3/../../../../avr/lib/avr25\libc.a(atoi.o) (__mulhi_const_10)
c:/winavr-20100110/bin/../lib/gcc/avr/4.3.3/../../../../avr/lib/avr25\libc.a(strrev.o)
                              c:/winavr-20100110/bin/../lib/gcc/avr/4.3.3/../../../../avr/lib/avr25\libc.a(itoa.o) (strrev)

Memory Configuration

Name             Origin             Length             Attributes
text             0x00000000         0x00002000         xr
data             0x00800060         0x0000ffa0         rw !x
eeprom           0x00810000         0x00010000         rw !x
fuse             0x00820000         0x00000400         rw !x
lock             0x00830000         0x00000400         rw !x
signature        0x00840000         0x00000400         rw !x
*default*        0x00000000         0xffffffff

Linker script and memory map

LOAD c:/winavr-20100110/bin/../lib/gcc/avr/4.3.3/../../../../avr/lib/avr25/crttn84.o
LOAD LightingUPS.o
LOAD SystemTime.o
LOAD ADCManager.o
LOAD DataHistory.o
LOAD CommandProcessor.o
LOAD EEPROMStorage.o
LOAD SystemMode.o
LOAD Console.o
LOAD BatteryMonitor.o
LOAD PhotocellMonitor.o
LOAD PushbuttonMonitor.o
LOAD MainsMonitor.o
LOAD MotionMonitor.o
LOAD InternalTemperatureMonitor.o
LOAD PowerCommand.o
LOAD PowerSwitches.o
LOAD StatusIndicators.o
LOAD ByteQueue.o
LOAD SoftwareSerialTx.o
LOAD SoftwareSerialRx.o
LOAD CharString.o
LOAD StringUtils.o
LOAD EEPROM.o
LOAD RamSentinel.o
LOAD c:/winavr-20100110/bin/../lib/gcc/avr/4.3.3/avr25\libgcc.a
LOAD c:/winavr-20100110/bin/../lib/gcc/avr/4.3.3/../../../../avr/lib/avr25\libc.a
LOAD c:/winavr-20100110/bin/../lib/gcc/avr/4.3.3/avr25\libgcc.a

.hash
 *(.hash)

.dynsym
 *(.dynsym)

.dynstr
 *(.dynstr)

.gnu.version
 *(.gnu.version)

.gnu.version_d
 *(.gnu.version_d)

.gnu.version_r
 *(.gnu.version_r)

.rel.init
 *(.rel.init)

.rela.init
 *(.rela.init)

.rel.text
 *(.rel.text)
 *(.rel.text.*)
 *(.rel.gnu.linkonce.t*)

.rela.text
 *(.rela.text)
 *(.rela.text.*)
 *(.rela.gnu.linkonce.t*)

.rel.fini
 *(.rel.fini)

.rela.fini
 *(.rela.fini)

.rel.rodata
 *(.rel.rodata)
 *(.rel.rodata.*)
 *(.rel.gnu.linkonce.r*)

.rela.rodata
 *(.rela.rodata)
 *(.rela.rodata.*)
 *(.rela.gnu.linkonce.r*)

.rel.data
 *(.rel.data)
 *(.rel.data.*)
 *(.rel.gnu.linkonce.d*)

.rela.data
 *(.rela.data)
 *(.rela.data.*)
 *(.rela.gnu.linkonce.d*)

.rel.ctors
 *(.rel.ctors)

.rela.ctors
 *(.rela.ctors)

.rel.dtors
 *(.rel.dtors)

.rela.dtors
 *(.rela.dtors)

.rel.got
 *(.rel.got)

.rela.got
 *(.rela.got)

.rel.bss
 *(.rel.bss)

.rela.bss
 *(.rela.bss)

.rel.plt
 *(.rel.plt)

.rela.plt
 *(.rela.plt)

.text           0x00000000     0x1ec8
 *(.vectors)
 .vectors       0x00000000       0x22 c:/winavr-20100110/bin/../lib/gcc/avr/4.3.3/../../../../avr/lib/avr25/crttn84.o
                0x00000000                __vectors
                0x00000000                __vector_default
 *(.vectors)
 *(.progmem.gcc*)
 *(.progmem*)
 .progmem.data  0x00000022        0x9 ADCManager.o
                0x00000022                channelMasks
 .progmem.data  0x0000002b       0xb0 CommandProcessor.o
                0x0000002b                swver
 .progmem.data  0x000000db        0xb Console.o
 .progmem.data  0x000000e6       0x17 StatusIndicators.o
 .progmem.data  0x000000fd        0x3 CharString.o
                0x00000100                . = ALIGN (0x2)
                0x00000100                __trampolines_start = .
 *(.trampolines)
 .trampolines   0x00000100        0x0 linker stubs
 *(.trampolines*)
                0x00000100                __trampolines_end = .
 *(.jumptables)
 *(.jumptables*)
 *(.lowtext)
 *(.lowtext*)
                0x00000100                __ctors_start = .
 *(.ctors)
                0x00000100                __ctors_end = .
                0x00000100                __dtors_start = .
 *(.dtors)
                0x00000100                __dtors_end = .
 SORT(*)(.ctors)
 SORT(*)(.dtors)
 *(.init0)
 .init0         0x00000100        0x0 c:/winavr-20100110/bin/../lib/gcc/avr/4.3.3/../../../../avr/lib/avr25/crttn84.o
                0x00000100                __init
 *(.init0)
 *(.init1)
 *(.init1)
 *(.init2)
 .init2         0x00000100        0xc c:/winavr-20100110/bin/../lib/gcc/avr/4.3.3/../../../../avr/lib/avr25/crttn84.o
 *(.init2)
 *(.init3)
 *(.init3)
 *(.init4)
 .init4         0x0000010c       0x16 c:/winavr-20100110/bin/../lib/gcc/avr/4.3.3/avr25\libgcc.a(_copy_data.o)
                0x0000010c                __do_copy_data
 .init4         0x00000122       0x10 c:/winavr-20100110/bin/../lib/gcc/avr/4.3.3/avr25\libgcc.a(_clear_bss.o)
                0x00000122                __do_clear_bss
 *(.init4)
 *(.init5)
 *(.init5)
 *(.init6)
 *(.init6)
 *(.init7)
 *(.init7)
 *(.init8)
 *(.init8)
 *(.init9)
 .init9         0x00000132        0x4 c:/winavr-20100110/bin/../lib/gcc/avr/4.3.3/../../../../avr/lib/avr25/crttn84.o
 *(.init9)
 *(.text)
 .text          0x00000136        0x2 c:/winavr-20100110/bin/../lib/gcc/avr/4.3.3/../../../../avr/lib/avr25/crttn84.o
                0x00000136                __vector_1
                0x00000136                __vector_12
                0x00000136                __bad_interrupt
                0x00000136                __vector_3
                0x00000136                __vector_11
                0x00000136                __vector_13
                0x00000136                __vector_7
                0x00000136                __vector_5
                0x00000136                __vector_4
                0x00000136                __vector_15
                0x00000136                __vector_8
                0x00000136                __vector_14
                0x00000136                __vector_10
                0x00000136                __vector_16
 .text          0x00000138       0x58 LightingUPS.o
                0x00000138                main
 .text          0x00000190      0x16c SystemTime.o
                0x0000027c                SystemTime_shuttingDown
                0x000001bc                SystemTime_currentTick
                0x000001ce                SystemTime_startTimer
                0x00000282                SystemTime_task
                0x00000262                SystemTime_commenceShutdown
                0x00000298                __vector_9
                0x000001ec                SystemTime_cancelTimer
                0x0000028e                SystemTime_registerForTickNotification
                0x000001f8                SystemTime_timerHasExpired
                0x00000190                SystemTime_Initialize
 .text          0x000002fc      0x11a ADCManager.o
                0x0000030c                ADCManager_setupChannel
                0x00000396                ADCManager_ConversionIsComplete
                0x00000354                ADCManager_StartConversion
                0x000003ce                ADCManager_task
                0x000002fc                ADCManager_Initialize
 .text          0x00000416      0x19c DataHistory.o
                0x00000416                DataHistory_insertValue
                0x00000462                DataHistory_getLatest
                0x0000049a                DataHistory_getStatistics
 .text          0x000005b2      0x362 CommandProcessor.o
                0x000005b2                CommandProcessor_processCommand
 .text          0x00000914       0x56 EEPROMStorage.o
                0x00000914                EEPROMStorage_Initialize
 .text          0x0000096a       0x30 SystemMode.o
                0x00000970                SystemMode_setModeSetting
                0x0000097a                SystemMode_modeSetting
                0x00000982                SystemMode_currentMode
                0x0000096a                SystemMode_Initialize
 .text          0x0000099a       0xe0 Console.o
                0x000009de                Console_setEcho
                0x000009a4                Console_printNewline
                0x000009d4                Console_printLine
                0x000009ac                Console_printLineP
                0x000009ca                Console_printCS
                0x000009a0                Console_printP
                0x000009e8                Console_task
                0x0000099a                Console_Initialize
                0x000009ba                Console_printLineCS
                0x000009b6                Console_print
 .text          0x00000a7a      0x184 BatteryMonitor.o
                0x00000b6a                BatteryMonitor_currentVoltage
                0x00000a80                BatteryMonitor_task
                0x00000bd6                BatteryMonitor_Initialize
                0x00000a7a                BatteryMonitor_currentStatus
 .text          0x00000bfe      0x13c PhotocellMonitor.o
                0x00000c78                PhotocellMonitor_averageLightLevel
                0x00000cea                PhotocellMonitor_currentLightLevel
                0x00000c18                PhotocellMonitor_task
                0x00000c0e                PhotocellMonitor_clearStatistics
                0x00000d16                PhotocellMonitor_Initialize
                0x00000bfe                PhotocellMonitor_haveValidSample
 .text          0x00000d3a       0x68 PushbuttonMonitor.o
                0x00000d40                PushbuttonMonitor_task
                0x00000d3a                PushbuttonMonitor_buttonIsPressed
                0x00000d84                PushbuttonMonitor_Initialize
 .text          0x00000da2       0xb6 MainsMonitor.o
                0x00000da2                MainsMonitor_registerForNotification
                0x00000db2                MainsMonitor_task
                0x00000dac                MainsMonitor_mainsOn
                0x00000e28                MainsMonitor_Initialize
 .text          0x00000e58       0x4c MotionMonitor.o
                0x00000e74                MotionMonitor_task
                0x00000e8e                MotionMonitor_Initialize
                0x00000e58                MotionMonitor_motionDetected
 .text          0x00000ea4      0x10e InternalTemperatureMonitor.o
                0x00000ea4                InternalTemperatureMonitor_haveValidSample
                0x00000eb4                InternalTemperatureMonitor_task
                0x00000f8e                InternalTemperatureMonitor_Initialize
                0x00000f2a                InternalTemperatureMonitor_currentTemperature
 .text          0x00000fb2      0x29c PowerCommand.o
                0x00000fc4                PowerCommand_current
                0x00001000                PowerCommand_turnOn
                0x00001054                PowerCommand_task
                0x00000fca                PowerCommand_turnOff
                0x00000fb2                PowerCommand_Initialize
 .text          0x0000124e      0x17a PowerSwitches.o
                0x00001260                PowerSwitches_command
                0x00001266                PowerSwitches_currentState
                0x0000126c                PowerSwitches_task
                0x0000124e                PowerSwitches_Initialize
 .text          0x000013c8      0x1d0 StatusIndicators.o
                0x000013c8                StatusIndicators_sendStatusMesssage
                0x00001504                StatusIndicators_task
                0x00001578                StatusIndicators_Initialize
 .text          0x00001598       0xfa ByteQueue.o
                0x0000162e                ByteQueue_pop
                0x000015ae                ByteQueue_push
                0x00001598                ByteQueue_clear
 .text          0x00001692      0x15a SoftwareSerialTx.o
                0x000016c8                SoftwareSerialTx_sendChar
                0x0000169a                SoftwareSerialTx_disable
                0x000016de                SoftwareSerialTx_send
                0x00001762                SoftwareSerialTx_Initialize
                0x00001692                SoftwareSerialTx_enable
                0x000016a0                SoftwareSerialTx_isIdle
                0x00001708                SoftwareSerialTx_sendP
 .text          0x000017ec      0x166 SoftwareSerialRx.o
                0x000017ec                SoftwareSerialRx_enable
                0x00001852                __vector_6
                0x00001802                SoftwareSerialRx_disable
                0x0000181a                __vector_2
                0x00001814                SoftwareSerial_rxQueue
                0x0000190e                SoftwareSerialRx_Initialize
 .text          0x00001952      0x178 CharString.o
                0x00001952                CharString_appendC
                0x00001980                CharString_truncate
                0x00001a36                CharString_appendNewline
                0x00001a7a                CharString_appendCS
                0x0000199a                CharString_appendP
                0x000019e2                CharString_append
 .text          0x00001aca      0x114 StringUtils.o
                0x00001b1c                StringUtils_appendDecimal
                0x00001aca                StringUtils_scanQuotedString
 .text          0x00001bde       0x66 EEPROM.o
                0x00001bee                EEPROM_read
                0x00001bfc                EEPROM_readWord
                0x00001c24                EEPROM_writeWord
                0x00001bde                EEPROM_write
 .text          0x00001c44       0x1e RamSentinel.o
                0x00001c44                RAMSentinel_Initialize
                0x00001c4c                RAMSentinel_sentinelIntact
 .text          0x00001c62        0x0 c:/winavr-20100110/bin/../lib/gcc/avr/4.3.3/avr25\libgcc.a(_mulsi3.o)
 .text          0x00001c62        0x0 c:/winavr-20100110/bin/../lib/gcc/avr/4.3.3/avr25\libgcc.a(_udivmodqi4.o)
 .text          0x00001c62        0x0 c:/winavr-20100110/bin/../lib/gcc/avr/4.3.3/avr25\libgcc.a(_udivmodhi4.o)
 .text          0x00001c62        0x0 c:/winavr-20100110/bin/../lib/gcc/avr/4.3.3/avr25\libgcc.a(_udivmodsi4.o)
 .text          0x00001c62        0x0 c:/winavr-20100110/bin/../lib/gcc/avr/4.3.3/avr25\libgcc.a(_divmodsi4.o)
 .text          0x00001c62        0x0 c:/winavr-20100110/bin/../lib/gcc/avr/4.3.3/avr25\libgcc.a(_exit.o)
 .text          0x00001c62        0x0 c:/winavr-20100110/bin/../lib/gcc/avr/4.3.3/avr25\libgcc.a(_copy_data.o)
 .text          0x00001c62        0x0 c:/winavr-20100110/bin/../lib/gcc/avr/4.3.3/avr25\libgcc.a(_clear_bss.o)
 .text          0x00001c62        0x0 c:/winavr-20100110/bin/../lib/gcc/avr/4.3.3/../../../../avr/lib/avr25\libc.a(atoi.o)
 .text          0x00001c62        0x0 c:/winavr-20100110/bin/../lib/gcc/avr/4.3.3/../../../../avr/lib/avr25\libc.a(strcasecmp_P.o)
 .text          0x00001c62        0x0 c:/winavr-20100110/bin/../lib/gcc/avr/4.3.3/../../../../avr/lib/avr25\libc.a(strlen_P.o)
 .text          0x00001c62        0x0 c:/winavr-20100110/bin/../lib/gcc/avr/4.3.3/../../../../avr/lib/avr25\libc.a(strncpy_P.o)
 .text          0x00001c62        0x0 c:/winavr-20100110/bin/../lib/gcc/avr/4.3.3/../../../../avr/lib/avr25\libc.a(strtok.o)
 .text          0x00001c62        0x0 c:/winavr-20100110/bin/../lib/gcc/avr/4.3.3/../../../../avr/lib/avr25\libc.a(strncpy.o)
 .text          0x00001c62        0x0 c:/winavr-20100110/bin/../lib/gcc/avr/4.3.3/../../../../avr/lib/avr25\libc.a(strtok_r.o)
 .text          0x00001c62        0x0 c:/winavr-20100110/bin/../lib/gcc/avr/4.3.3/../../../../avr/lib/avr25\libc.a(itoa.o)
 .text          0x00001c62        0x0 c:/winavr-20100110/bin/../lib/gcc/avr/4.3.3/../../../../avr/lib/avr25\libc.a(mul10.o)
 .text          0x00001c62        0x0 c:/winavr-20100110/bin/../lib/gcc/avr/4.3.3/../../../../avr/lib/avr25\libc.a(strrev.o)
                0x00001c62                . = ALIGN (0x2)
 *(.text.*)
 .text.libgcc   0x00001c62       0x32 c:/winavr-20100110/bin/../lib/gcc/avr/4.3.3/avr25\libgcc.a(_mulsi3.o)
                0x00001c62                __mulsi3
 .text.libgcc   0x00001c94       0x18 c:/winavr-20100110/bin/../lib/gcc/avr/4.3.3/avr25\libgcc.a(_udivmodqi4.o)
                0x00001c94                __udivmodqi4
 .text.libgcc   0x00001cac       0x28 c:/winavr-20100110/bin/../lib/gcc/avr/4.3.3/avr25\libgcc.a(_udivmodhi4.o)
                0x00001cac                __udivmodhi4
 .text.libgcc   0x00001cd4       0x44 c:/winavr-20100110/bin/../lib/gcc/avr/4.3.3/avr25\libgcc.a(_udivmodsi4.o)
                0x00001cd4                __udivmodsi4
 .text.libgcc   0x00001d18       0x36 c:/winavr-20100110/bin/../lib/gcc/avr/4.3.3/avr25\libgcc.a(_divmodsi4.o)
                0x00001d18                __divmodsi4
 .text.libgcc   0x00001d4e        0x0 c:/winavr-20100110/bin/../lib/gcc/avr/4.3.3/avr25\libgcc.a(_exit.o)
 .text.libgcc   0x00001d4e        0x0 c:/winavr-20100110/bin/../lib/gcc/avr/4.3.3/avr25\libgcc.a(_copy_data.o)
 .text.libgcc   0x00001d4e        0x0 c:/winavr-20100110/bin/../lib/gcc/avr/4.3.3/avr25\libgcc.a(_clear_bss.o)
 .text.avr-libc
                0x00001d4e       0x3a c:/winavr-20100110/bin/../lib/gcc/avr/4.3.3/../../../../avr/lib/avr25\libc.a(atoi.o)
                0x00001d4e                atoi
 .text.avr-libc
                0x00001d88       0x26 c:/winavr-20100110/bin/../lib/gcc/avr/4.3.3/../../../../avr/lib/avr25\libc.a(strcasecmp_P.o)
                0x00001d88                strcasecmp_P
 .text.avr-libc
                0x00001dae       0x12 c:/winavr-20100110/bin/../lib/gcc/avr/4.3.3/../../../../avr/lib/avr25\libc.a(strlen_P.o)
                0x00001dae                strlen_P
 .text.avr-libc
                0x00001dc0       0x1e c:/winavr-20100110/bin/../lib/gcc/avr/4.3.3/../../../../avr/lib/avr25\libc.a(strncpy_P.o)
                0x00001dc0                strncpy_P
 .text.avr-libc
                0x00001dde        0x8 c:/winavr-20100110/bin/../lib/gcc/avr/4.3.3/../../../../avr/lib/avr25\libc.a(strtok.o)
                0x00001dde                strtok
 .text.avr-libc
                0x00001de6       0x1e c:/winavr-20100110/bin/../lib/gcc/avr/4.3.3/../../../../avr/lib/avr25\libc.a(strncpy.o)
                0x00001de6                strncpy
 .text.avr-libc
                0x00001e04       0x4e c:/winavr-20100110/bin/../lib/gcc/avr/4.3.3/../../../../avr/lib/avr25\libc.a(strtok_r.o)
                0x00001e04                strtok_r
 .text.avr-libc
                0x00001e52       0x3e c:/winavr-20100110/bin/../lib/gcc/avr/4.3.3/../../../../avr/lib/avr25\libc.a(itoa.o)
                0x00001e52                itoa
 .text.avr-libc
                0x00001e90       0x14 c:/winavr-20100110/bin/../lib/gcc/avr/4.3.3/../../../../avr/lib/avr25\libc.a(mul10.o)
                0x00001e90                __mulhi_const_10
 .text.avr-libc
                0x00001ea4       0x20 c:/winavr-20100110/bin/../lib/gcc/avr/4.3.3/../../../../avr/lib/avr25\libc.a(strrev.o)
                0x00001ea4                strrev
                0x00001ec4                . = ALIGN (0x2)
 *(.fini9)
 .fini9         0x00001ec4        0x0 c:/winavr-20100110/bin/../lib/gcc/avr/4.3.3/avr25\libgcc.a(_exit.o)
                0x00001ec4                exit
                0x00001ec4                _exit
 *(.fini9)
 *(.fini8)
 *(.fini8)
 *(.fini7)
 *(.fini7)
 *(.fini6)
 *(.fini6)
 *(.fini5)
 *(.fini5)
 *(.fini4)
 *(.fini4)
 *(.fini3)
 *(.fini3)
 *(.fini2)
 *(.fini2)
 *(.fini1)
 *(.fini1)
 *(.fini0)
 .fini0         0x00001ec4        0x4 c:/winavr-20100110/bin/../lib/gcc/avr/4.3.3/avr25\libgcc.a(_exit.o)
 *(.fini0)
                0x00001ec8                _etext = .

.data           0x00800060       0x28 load address 0x00001ec8
                0x00800060                PROVIDE (__data_start, .)
 *(.data)
 .data          0x00800060        0x0 c:/winavr-20100110/bin/../lib/gcc/avr/4.3.3/../../../../avr/lib/avr25/crttn84.o
 .data          0x00800060        0x0 LightingUPS.o
 .data          0x00800060        0x0 SystemTime.o
 .data          0x00800060        0x0 ADCManager.o
 .data          0x00800060        0x0 DataHistory.o
 .data          0x00800060        0x4 CommandProcessor.o
 .data          0x00800064        0x0 EEPROMStorage.o
 .data          0x00800064        0x0 SystemMode.o
 .data          0x00800064        0x0 Console.o
 .data          0x00800064        0x5 BatteryMonitor.o
                0x00800064                batteryVoltageHistory
 .data          0x00800069        0x5 PhotocellMonitor.o
                0x00800069                lightLevelHistory
 .data          0x0080006e        0x0 PushbuttonMonitor.o
 .data          0x0080006e        0x0 MainsMonitor.o
 .data          0x0080006e        0x0 MotionMonitor.o
 .data          0x0080006e        0x5 InternalTemperatureMonitor.o
                0x0080006e                temperatureHistory
 .data          0x00800073        0x0 PowerCommand.o
 .data          0x00800073        0x0 PowerSwitches.o
 .data          0x00800073        0x0 StatusIndicators.o
 .data          0x00800073        0x0 ByteQueue.o
 .data          0x00800073        0xa SoftwareSerialTx.o
                0x00800073                txQueue
 .data          0x0080007d        0xa SoftwareSerialRx.o
                0x0080007d                rxQueue
 .data          0x00800087        0x0 CharString.o
 .data          0x00800087        0x0 StringUtils.o
 .data          0x00800087        0x0 EEPROM.o
 .data          0x00800087        0x0 RamSentinel.o
 .data          0x00800087        0x0 c:/winavr-20100110/bin/../lib/gcc/avr/4.3.3/avr25\libgcc.a(_mulsi3.o)
 .data          0x00800087        0x0 c:/winavr-20100110/bin/../lib/gcc/avr/4.3.3/avr25\libgcc.a(_udivmodqi4.o)
 .data          0x00800087        0x0 c:/winavr-20100110/bin/../lib/gcc/avr/4.3.3/avr25\libgcc.a(_udivmodhi4.o)
 .data          0x00800087        0x0 c:/winavr-20100110/bin/../lib/gcc/avr/4.3.3/avr25\libgcc.a(_udivmodsi4.o)
 .data          0x00800087        0x0 c:/winavr-20100110/bin/../lib/gcc/avr/4.3.3/avr25\libgcc.a(_divmodsi4.o)
 .data          0x00800087        0x0 c:/winavr-20100110/bin/../lib/gcc/avr/4.3.3/avr25\libgcc.a(_exit.o)
 .data          0x00800087        0x0 c:/winavr-20100110/bin/../lib/gcc/avr/4.3.3/avr25\libgcc.a(_copy_data.o)
 .data          0x00800087        0x0 c:/winavr-20100110/bin/../lib/gcc/avr/4.3.3/avr25\libgcc.a(_clear_bss.o)
 .data          0x00800087        0x0 c:/winavr-20100110/bin/../lib/gcc/avr/4.3.3/../../../../avr/lib/avr25\libc.a(atoi.o)
 .data          0x00800087        0x0 c:/winavr-20100110/bin/../lib/gcc/avr/4.3.3/../../../../avr/lib/avr25\libc.a(strcasecmp_P.o)
 .data          0x00800087        0x0 c:/winavr-20100110/bin/../lib/gcc/avr/4.3.3/../../../../avr/lib/avr25\libc.a(strlen_P.o)
 .data          0x00800087        0x0 c:/winavr-20100110/bin/../lib/gcc/avr/4.3.3/../../../../avr/lib/avr25\libc.a(strncpy_P.o)
 .data          0x00800087        0x0 c:/winavr-20100110/bin/../lib/gcc/avr/4.3.3/../../../../avr/lib/avr25\libc.a(strtok.o)
 .data          0x00800087        0x0 c:/winavr-20100110/bin/../lib/gcc/avr/4.3.3/../../../../avr/lib/avr25\libc.a(strncpy.o)
 .data          0x00800087        0x0 c:/winavr-20100110/bin/../lib/gcc/avr/4.3.3/../../../../avr/lib/avr25\libc.a(strtok_r.o)
 .data          0x00800087        0x0 c:/winavr-20100110/bin/../lib/gcc/avr/4.3.3/../../../../avr/lib/avr25\libc.a(itoa.o)
 .data          0x00800087        0x0 c:/winavr-20100110/bin/../lib/gcc/avr/4.3.3/../../../../avr/lib/avr25\libc.a(mul10.o)
 .data          0x00800087        0x0 c:/winavr-20100110/bin/../lib/gcc/avr/4.3.3/../../../../avr/lib/avr25\libc.a(strrev.o)
 *(.data*)
 *(.rodata)
 *(.rodata*)
 *(.gnu.linkonce.d*)
                0x00800088                . = ALIGN (0x2)
 *fill*         0x00800087        0x1 00
                0x00800088                _edata = .
                0x00800088                PROVIDE (__data_end, .)

.bss            0x00800088      0x112
                0x00800088                PROVIDE (__bss_start, .)
 *(.bss)
 .bss           0x00800088        0x0 c:/winavr-20100110/bin/../lib/gcc/avr/4.3.3/../../../../avr/lib/avr25/crttn84.o
 .bss           0x00800088        0x0 LightingUPS.o
 .bss           0x00800088        0x5 SystemTime.o
 .bss           0x0080008d       0x15 ADCManager.o
 .bss           0x008000a2        0x0 DataHistory.o
 .bss           0x008000a2        0x0 CommandProcessor.o
 .bss           0x008000a2        0x0 EEPROMStorage.o
 .bss           0x008000a2        0x0 SystemMode.o
 .bss           0x008000a2       0x19 Console.o
 .bss           0x008000bb        0xe BatteryMonitor.o
                0x008000bb                batteryVoltageHistory_buf
 .bss           0x008000c9       0x13 PhotocellMonitor.o
                0x008000c9                lightLevelHistory_buf
 .bss           0x008000dc        0x8 PushbuttonMonitor.o
 .bss           0x008000e4        0xd MainsMonitor.o
 .bss           0x008000f1        0x7 MotionMonitor.o
 .bss           0x008000f8       0x1b InternalTemperatureMonitor.o
                0x008000f8                temperatureHistory_buf
 .bss           0x00800113       0x10 PowerCommand.o
 .bss           0x00800123        0xb PowerSwitches.o
 .bss           0x0080012e        0x9 StatusIndicators.o
 .bss           0x00800137        0x0 ByteQueue.o
 .bss           0x00800137       0x4c SoftwareSerialTx.o
                0x00800137                txQueue_buf
 .bss           0x00800183       0x14 SoftwareSerialRx.o
                0x00800183                rxQueue_buf
 .bss           0x00800197        0x0 CharString.o
 .bss           0x00800197        0x0 StringUtils.o
 .bss           0x00800197        0x0 EEPROM.o
 .bss           0x00800197        0x1 RamSentinel.o
 .bss           0x00800198        0x0 c:/winavr-20100110/bin/../lib/gcc/avr/4.3.3/avr25\libgcc.a(_mulsi3.o)
 .bss           0x00800198        0x0 c:/winavr-20100110/bin/../lib/gcc/avr/4.3.3/avr25\libgcc.a(_udivmodqi4.o)
 .bss           0x00800198        0x0 c:/winavr-20100110/bin/../lib/gcc/avr/4.3.3/avr25\libgcc.a(_udivmodhi4.o)
 .bss           0x00800198        0x0 c:/winavr-20100110/bin/../lib/gcc/avr/4.3.3/avr25\libgcc.a(_udivmodsi4.o)
 .bss           0x00800198        0x0 c:/winavr-20100110/bin/../lib/gcc/avr/4.3.3/avr25\libgcc.a(_divmodsi4.o)
 .bss           0x00800198        0x0 c:/winavr-20100110/bin/../lib/gcc/avr/4.3.3/avr25\libgcc.a(_exit.o)
 .bss           0x00800198        0x0 c:/winavr-20100110/bin/../lib/gcc/avr/4.3.3/avr25\libgcc.a(_copy_data.o)
 .bss           0x00800198        0x0 c:/winavr-20100110/bin/../lib/gcc/avr/4.3.3/avr25\libgcc.a(_clear_bss.o)
 .bss           0x00800198        0x0 c:/winavr-20100110/bin/../lib/gcc/avr/4.3.3/../../../../avr/lib/avr25\libc.a(atoi.o)
 .bss           0x00800198        0x0 c:/winavr-20100110/bin/../lib/gcc/avr/4.3.3/../../../../avr/lib/avr25\libc.a(strcasecmp_P.o)
 .bss           0x00800198        0x0 c:/winavr-20100110/bin/../lib/gcc/avr/4.3.3/../../../../avr/lib/avr25\libc.a(strlen_P.o)
 .bss           0x00800198        0x0 c:/winavr-20100110/bin/../lib/gcc/avr/4.3.3/../../../../avr/lib/avr25\libc.a(strncpy_P.o)
 .bss           0x00800198        0x2 c:/winavr-20100110/bin/../lib/gcc/avr/4.3.3/../../../../avr/lib/avr25\libc.a(strtok.o)
 .bss           0x0080019a        0x0 c:/winavr-20100110/bin/../lib/gcc/avr/4.3.3/../../../../avr/lib/avr25\libc.a(strncpy.o)
 .bss           0x0080019a        0x0 c:/winavr-20100110/bin/../lib/gcc/avr/4.3.3/../../../../avr/lib/avr25\libc.a(strtok_r.o)
 .bss           0x0080019a        0x0 c:/winavr-20100110/bin/../lib/gcc/avr/4.3.3/../../../../avr/lib/avr25\libc.a(itoa.o)
 .bss           0x0080019a        0x0 c:/winavr-20100110/bin/../lib/gcc/avr/4.3.3/../../../../avr/lib/avr25\libc.a(mul10.o)
 .bss           0x0080019a        0x0 c:/winavr-20100110/bin/../lib/gcc/avr/4.3.3/../../../../avr/lib/avr25\libc.a(strrev.o)
 *(.bss*)
 *(COMMON)
                0x0080019a                PROVIDE (__bss_end, .)
                0x00001ec8                __data_load_start = LOADADDR (.data)
                0x00001ef0                __data_load_end = (__data_load_start + SIZEOF (.data))

.noinit         0x0080019a        0x0
                0x0080019a                PROVIDE (__noinit_start, .)
 *(.noinit*)
                0x0080019a                PROVIDE (__noinit_end, .)
                0x0080019a                _end = .
                0x0080019a                PROVIDE (__heap_start, .)

.eeprom         0x00810000        0x0
 *(.eeprom*)
                0x00810000                __eeprom_end = .

.fuse
 *(.fuse)
 *(.lfuse)
 *(.hfuse)
 *(.efuse)

.lock
 *(.lock*)

.signature
 *(.signature*)

.stab           0x00000000     0x6c0c
 *(.stab)
 .stab          0x00000000      0x720 LightingUPS.o
 .stab          0x00000720      0x5d0 SystemTime.o
                                0x7f8 (size before relaxing)
 .stab          0x00000cf0      0x57c ADCManager.o
                                0x810 (size before relaxing)
 .stab          0x0000126c      0x4c8 DataHistory.o
                                0x630 (size before relaxing)
 .stab          0x00001734      0x9d8 CommandProcessor.o
                                0xcfc (size before relaxing)
 .stab          0x0000210c      0x1ec EEPROMStorage.o
                                0x3c0 (size before relaxing)
 .stab          0x000022f8      0x27c SystemMode.o
                                0x4b0 (size before relaxing)
 .stab          0x00002574      0x558 Console.o
                                0x870 (size before relaxing)
 .stab          0x00002acc      0x480 BatteryMonitor.o
                                0x6e4 (size before relaxing)
 .stab          0x00002f4c      0x420 PhotocellMonitor.o
                                0x684 (size before relaxing)
 .stab          0x0000336c      0x288 PushbuttonMonitor.o
                                0x4c8 (size before relaxing)
 .stab          0x000035f4      0x2e8 MainsMonitor.o
                                0x540 (size before relaxing)
 .stab          0x000038dc      0x240 MotionMonitor.o
                                0x480 (size before relaxing)
 .stab          0x00003b1c      0x3d8 InternalTemperatureMonitor.o
                                0x63c (size before relaxing)
 .stab          0x00003ef4      0x63c PowerCommand.o
                                0x8b8 (size before relaxing)
 .stab          0x00004530      0x4e0 PowerSwitches.o
                                0x7f8 (size before relaxing)
 .stab          0x00004a10      0x570 StatusIndicators.o
                                0x900 (size before relaxing)
 .stab          0x00004f80      0x39c ByteQueue.o
                                0x54c (size before relaxing)
 .stab          0x0000531c      0x6b4 SoftwareSerialTx.o
                                0x99c (size before relaxing)
 .stab          0x000059d0      0x4a4 SoftwareSerialRx.o
                                0x6fc (size before relaxing)
 .stab          0x00005e74      0x4c8 CharString.o
                                0x750 (size before relaxing)
 .stab          0x0000633c      0x3a8 StringUtils.o
                                0x6a8 (size before relaxing)
 .stab          0x000066e4      0x384 EEPROM.o
                                0x588 (size before relaxing)
 .stab          0x00006a68      0x1a4 RamSentinel.o
                                0x354 (size before relaxing)

.stabstr        0x00000000     0x39d0
 *(.stabstr)
 .stabstr       0x00000000     0x39d0 LightingUPS.o

.stab.excl
 *(.stab.excl)

.stab.exclstr
 *(.stab.exclstr)

.stab.index
 *(.stab.index)

.stab.indexstr
 *(.stab.indexstr)

.comment
 *(.comment)

.debug
 *(.debug)

.line
 *(.line)

.debug_srcinfo
 *(.debug_srcinfo)

.debug_sfnames
 *(.debug_sfnames)

.debug_aranges
 *(.debug_aranges)

.debug_pubnames
 *(.debug_pubnames)

.debug_info
 *(.debug_info)
 *(.gnu.linkonce.wi.*)

.debug_abbrev
 *(.debug_abbrev)

.debug_line
 *(.debug_line)

.debug_frame
 *(.debug_frame)

.debug_str
 *(.debug_str)

.debug_loc
 *(.debug_loc)

.debug_macinfo
 *(.debug_macinfo)
OUTPUT(LightingUPS.elf elf32-avr)
LOAD linker stubs
